

Mon Sep 13 09:37:03 2010
Command line: TestDisk

TestDisk 6.11, Data Recovery Utility, April 2009
Christophe GRENIER <grenier@cgsecurity.org>
http://www.cgsecurity.org
OS: Linux, kernel 2.6.32-24-generic-pae (#42-Ubuntu SMP Fri Aug 20 15:37:22 UTC 2010)
Compiler: GCC 4.4 - Jun 23 2009 17:11:34
ext2fs lib: 1.41.11, ntfs lib: 10:0:0, reiserfs lib: none, ewf lib: none
/dev/sda: LBA, LBA48, DCO support
/dev/sda: size       312581808 sectors
/dev/sda: user_max   312581808 sectors
Warning: can't get size for Disk /dev/mapper/control - 0 B - CHS 1 1 1, sector size=512
Hard disk list
Disk /dev/sda - 160 GB / 149 GiB - CHS 19457 255 63, sector size=512 - ATA ST3160815AS

Partition table type (auto): Intel
Disk /dev/sda - 160 GB / 149 GiB - ATA ST3160815AS
Partition table type: Intel

Analyse Disk /dev/sda - 160 GB / 149 GiB - CHS 19457 255 63
Geometry from i386 MBR: head=255 sector=63
get_geometry_from_list_part_aux head=255 nbr=6
get_geometry_from_list_part_aux head=8 nbr=1
get_geometry_from_list_part_aux head=16 nbr=1
get_geometry_from_list_part_aux head=32 nbr=1
get_geometry_from_list_part_aux head=64 nbr=1
get_geometry_from_list_part_aux head=128 nbr=1
get_geometry_from_list_part_aux head=240 nbr=1
get_geometry_from_list_part_aux head=255 nbr=6
Current partition structure:
 1 * Linux                    0   1  1 18661 254 63  299804967
 2 E extended             18662   0  1 19456 254 63   12771675
 5 L Linux Swap           18662   1  1 19456 254 63   12771612
Ask the user for vista mode
Computes LBA from CHS for Disk /dev/sda - 160 GB / 149 GiB - CHS 19458 255 63
Allow partial last cylinder : Yes
search_vista_part: 1

search_part()
Disk /dev/sda - 160 GB / 149 GiB - CHS 19458 255 63

recover_EXT2: s_block_group_nr=0/1143, s_mnt_count=13/28, s_blocks_per_group=32768, s_inodes_per_group=8192
recover_EXT2: s_blocksize=4096
recover_EXT2: s_blocks_count 37475620
recover_EXT2: part_size 299804960
     Linux                    0   1  1 18661 254 56  299804960
     EXT4 Large file Sparse superblock Recover, 153 GB / 142 GiB
     Linux Swap           18662   1  1 19456 254 43   12771592
     SWAP2 version 1, 6539 MB / 6236 MiB
get_geometry_from_list_part_aux head=255 nbr=4
get_geometry_from_list_part_aux head=8 nbr=1
get_geometry_from_list_part_aux head=16 nbr=1
get_geometry_from_list_part_aux head=32 nbr=1
get_geometry_from_list_part_aux head=64 nbr=1
get_geometry_from_list_part_aux head=128 nbr=1
get_geometry_from_list_part_aux head=240 nbr=1
get_geometry_from_list_part_aux head=255 nbr=4

Results
   * Linux                    0   1  1 18661 254 63  299804967
     EXT4 Large file Sparse superblock Recover, 153 GB / 142 GiB
   L Linux Swap           18662   1  1 19456 254 63   12771612
     SWAP2 version 1, 6539 MB / 6236 MiB

interface_write()
 1 * Linux                    0   1  1 18661 254 63  299804967
 2 E extended LBA         18662   0  1 19456 254 63   12771675
 5 L Linux Swap           18662   1  1 19456 254 63   12771612
